// Jest Snapshot v1, https://goo.gl/fbAQLP

exports[`renders Focorrectly 1`] = `
<div>
  <div>
    <footer>
      <h3
        class="copyRights"
      >
        Copy rights reserved to
        <a>
           GeekyHacks
        </a>
      </h3>
    </footer>
  </div>
</div>
`;

exports[`renders Footer correctly 1`] = `
<div>
  <div>
    <footer>
      <h3
        class="copyRights"
      >
        Copy rights reserved to
        <a>
           GeekyHacks
        </a>
      </h3>
    </footer>
  </div>
</div>
`;

exports[`renders correctly 1`] = `
<div>
  <div
    id="CalculatorContainer"
  >
    <div
      id="CalcInput"
    >
      0
    </div>
    <div
      id="Btns"
    >
      <button
        type="button"
      >
        AC
      </button>
      <button
        type="button"
      >
        +/-
      </button>
      <button
        type="button"
      >
        %
      </button>
      <button
        class="operator"
        type="button"
        value="+"
      >
        รท
      </button>
      <button
        type="button"
      >
        7
      </button>
      <button
        type="button"
      >
        8
      </button>
      <button
        type="button"
      >
        9
      </button>
      <button
        class="operator"
        type="button"
        value="+"
      >
        x
      </button>
      <button
        type="button"
      >
        4
      </button>
      <button
        type="button"
      >
        5
      </button>
      <button
        type="button"
      >
        6
      </button>
      <button
        class="operator"
        type="button"
        value="+"
      >
        -
      </button>
      <button
        type="button"
      >
        1
      </button>
      <button
        type="button"
      >
        2
      </button>
      <button
        type="button"
      >
        3
      </button>
      <button
        class="operator"
        type="button"
        value="+"
      >
        +
      </button>
      <button
        id="zero"
        type="button"
        value="0"
      >
        0
      </button>
      <button
        type="button"
      >
        .
      </button>
      <button
        class="operator"
        type="button"
        value="="
      >
        =
      </button>
    </div>
  </div>
</div>
`;
